C:\Users\JUFRIN\OneDrive\Documents\IT\github\TutorialKerja>git checkout main
Already on 'main'
Your branch is up to date with 'origin/main'.

C:\Users\JUFRIN\OneDrive\Documents\IT\github\TutorialKerja>git branch feature/jufrin01

C:\Users\JUFRIN\OneDrive\Documents\IT\github\TutorialKerja>git checkout feature/jufrin01  
Switched to branch 'feature/jufrin01'

C:\Users\JUFRIN\OneDrive\Documents\IT\github\TutorialKerja>git add .
 
C:\Users\JUFRIN\OneDrive\Documents\IT\github\TutorialKerja>git status
On branch feature/jufrin01
Changes to be committed:
  (use "git restore --staged <file>..." to unstage)
        new file:   jufrin/LatihanMarge.java


C:\Users\JUFRIN\OneDrive\Documents\IT\github\TutorialKerja>git merge develop
merge: develop - not something we can merge

Did you mean this?
        origin/develop

C:\Users\JUFRIN\OneDrive\Documents\IT\github\TutorialKerja>git branch       
* feature/jufrin01
  main

C:\Users\JUFRIN\OneDrive\Documents\IT\github\TutorialKerja>git checkout
A       jufrin/LatihanMarge.java

C:\Users\JUFRIN\OneDrive\Documents\IT\github\TutorialKerja>git checkout feature/jufrin01
Already on 'feature/jufrin01'
A       jufrin/LatihanMarge.java

C:\Users\JUFRIN\OneDrive\Documents\IT\github\TutorialKerja>git merge develop
merge: develop - not something we can merge

Did you mean this?
        origin/develop

C:\Users\JUFRIN\OneDrive\Documents\IT\github\TutorialKerja>git commit -m "jufrin"
[feature/jufrin01 469d180] jufrin
 1 file changed, 4 insertions(+)
 create mode 100644 jufrin/LatihanMarge.java

C:\Users\JUFRIN\OneDrive\Documents\IT\github\TutorialKerja>git push
fatal: The current branch feature/jufrin01 has no upstream branch.
To push the current branch and set the remote as upstream, use

    git push --set-upstream origin feature/jufrin01

To have this happen automatically for branches without a tracking
upstream, see 'push.autoSetupRemote' in 'git help config'.


C:\Users\JUFRIN\OneDrive\Documents\IT\github\TutorialKerja> git push --set-upstream origin feature/jufrin01 
remote: Permission to dimasmulya59/TutorialKerja.git denied to jufrin01.
fatal: unable to access 'https://github.com/dimasmulya59/TutorialKerja.git/': The requested URL returned error: 403

C:\Users\JUFRIN\OneDrive\Documents\IT\github\TutorialKerja> git push --set-upstream origin feature/jufrin01
Enumerating objects: 5, done.
Counting objects: 100% (5/5), done.
Delta compression using up to 8 threads
Compressing objects: 100% (2/2), done.
Writing objects: 100% (4/4), 375 bytes | 375.00 KiB/s, done.
Total 4 (delta 1), reused 0 (delta 0), pack-reused 0
remote: Resolving deltas: 100% (1/1), completed with 1 local object.
remote: 
remote: Create a pull request for 'feature/jufrin01' on GitHub by visiting:
remote:      https://github.com/dimasmulya59/TutorialKerja/pull/new/feature/jufrin01
remote:
To https://github.com/dimasmulya59/TutorialKerja.git
 * [new branch]      feature/jufrin01 -> feature/jufrin01
branch 'feature/jufrin01' set up to track 'origin/feature/jufrin01'.

C:\Users\JUFRIN\OneDrive\Documents\IT\github\TutorialKerja>git push
Everything up-to-date

C:\Users\JUFRIN\OneDrive\Documents\IT\github\TutorialKerja> git push --set-upstream origin feature/jufrin01
Everything up-to-date
branch 'feature/jufrin01' set up to track 'origin/feature/jufrin01'.

C:\Users\JUFRIN\OneDrive\Documents\IT\github\TutorialKerja>git push 